
======================================================================
PROMPT STRATEGY IMPLEMENTATION TESTS
======================================================================

======================================================================
TEST 1: PromptBuilder (embedded templates)
======================================================================

1. Intent Prompt:
----------------------------------------------------------------------
Classify the user's analytical intent based on their question and the dataset structure.

AVAILABLE INTENTS (with templates):
1. general_eda - Broad exploration (e.g., "summarize this data", "what's in here?")
2. time_series_investigation - Temporal patterns (e.g., "trends over time", "seasonal patterns")
3. anomaly_detection - Outliers and unusual values (e.g., "find anomalies", "detect outliers")
4. comparative_analysis - Compare groups/categories (e.g., "compare by region", "revenue by produc...

Prompt length: 1699 characters

2. Adaptation Prompt:
----------------------------------------------------------------------
Review this analysis plan template and suggest modifications based on the user's specific question.

USER QUESTION: "Compare revenue by region and product"
INTENT: IntentLabel.COMPARATIVE_ANALYSIS

TEMPLATE: general_eda (2 steps)
Current steps:
  - load: load_dataset - Load data
  - stats: compute_summary_stats - Basic stats

DATASET CONTEXT:
- Rows: 20, Columns: 4
- Temporal columns: date
- Shape: wide

AVAILABLE TOOLS (use EXACT names):
- aggregate: Group data and compute aggregations (use for...

Prompt length: 2027 characters
python : Traceback (most recent call last):
At line:1 char:1
+ python test_prompt_strategy.py > test_output.txt 2>&1; 
Get-Content te ...
+ ~~~~~~~~~~~~~~~~~~~~~~~~~~~~~~~~~~~~~~~~~~~~~~~~~~~~~
    + CategoryInfo          : NotSpecified: (Traceback (most rece 
   nt call last)::String) [], RemoteException
    + FullyQualifiedErrorId : NativeCommandError
 
  File 
"C:\Users\JeffAguilar\Code\agent_viz\test_prompt_strategy.py", 
line 196, in <module>
    test_prompt_builder()
  File 
"C:\Users\JeffAguilar\Code\agent_viz\test_prompt_strategy.py", 
line 64, in test_prompt_builder
    print("\n\u2713 PromptBuilder works with embedded 
templates\n")
  File "C:\Users\JeffAguilar\AppData\Local\Programs\Python\Python3
11\Lib\encodings\cp1252.py", line 19, in encode
    return 
codecs.charmap_encode(input,self.errors,encoding_table)[0]
           ^^^^^^^^^^^^^^^^^^^^^^^^^^^^^^^^^^^^^^^^^^^^^^^^^^^^^^^
UnicodeEncodeError: 'charmap' codec can't encode character 
'\u2713' in position 2: character maps to <undefined>

During handling of the above exception, another exception 
occurred:

Traceback (most recent call last):
  File 
"C:\Users\JeffAguilar\Code\agent_viz\test_prompt_strategy.py", 
line 206, in <module>
    print(f"\n\u2717 Test failed with error: {e}")
  File "C:\Users\JeffAguilar\AppData\Local\Programs\Python\Python3
11\Lib\encodings\cp1252.py", line 19, in encode
    return 
codecs.charmap_encode(input,self.errors,encoding_table)[0]
           ^^^^^^^^^^^^^^^^^^^^^^^^^^^^^^^^^^^^^^^^^^^^^^^^^^^^^^^
UnicodeEncodeError: 'charmap' codec can't encode character 
'\u2717' in position 2: character maps to <undefined>
